// Jest Snapshot v1, https://goo.gl/fbAQLP

exports[`CustomInput commponent Renders correctly 1`] = `
<View
  style={
    Object {
      "flexDirection": "row",
    }
  }
>
  <View
    style={
      Object {
        "borderColor": "black",
        "margin": 10,
        "marginLeft": 30,
        "marginRight": 1,
        "width": 300,
      }
    }
  >
    <View
      pointerEvents="none"
      style={
        Array [
          Object {
            "bottom": 0,
            "left": 0,
            "position": "absolute",
            "right": 0,
            "top": 6,
          },
          Object {
            "backgroundColor": "#f6f6f6",
            "borderColor": "rgba(0, 0, 0, 0.54)",
            "borderRadius": 4,
            "borderWidth": 1,
          },
        ]
      }
      testID="text-input-outline"
    />
    <View>
      <View
        style={
          Array [
            Object {
              "paddingBottom": 0,
            },
            Object {
              "minHeight": 60,
              "paddingTop": 8,
            },
          ]
        }
      >
        <View
          pointerEvents="none"
          style={
            Object {
              "bottom": 0,
              "left": 0,
              "opacity": 1,
              "position": "absolute",
              "right": 0,
              "top": 0,
              "transform": Array [
                Object {
                  "translateX": 0,
                },
              ],
              "zIndex": 3,
            }
          }
        >
          <View
            pointerEvents="none"
            style={
              Object {
                "backgroundColor": "#f6f6f6",
                "bottom": 4,
                "left": 10,
                "maxHeight": 2,
                "opacity": 0,
                "position": "absolute",
                "right": 0,
                "top": 6,
                "transform": Array [
                  Object {
                    "translateX": 0,
                  },
                ],
                "width": 12,
              }
            }
          />
          <Text
            maxFontSizeMultiplier={1.5}
            numberOfLines={1}
            style={
              Object {
                "backgroundColor": "#f6f6f6",
                "color": "transparent",
                "fontFamily": "System",
                "fontSize": 16,
                "fontWeight": undefined,
                "left": 18,
                "maxWidth": -28,
                "opacity": 0,
                "paddingHorizontal": 0,
                "position": "absolute",
                "textAlign": "left",
                "top": 39,
                "transform": Array [
                  Object {
                    "translateX": 0,
                  },
                  Object {
                    "translateY": 0,
                  },
                  Object {
                    "scale": 1,
                  },
                  Object {
                    "scaleY": 1,
                  },
                ],
                "writingDirection": "ltr",
              }
            }
          >
            home
          </Text>
          <Text
            maxFontSizeMultiplier={1.5}
            numberOfLines={1}
            onLayout={[Function]}
            style={
              Object {
                "color": "#6200ee",
                "fontFamily": "System",
                "fontSize": 16,
                "fontWeight": undefined,
                "left": 0,
                "opacity": 0,
                "paddingHorizontal": 14,
                "position": "absolute",
                "textAlign": "left",
                "top": 38,
                "transform": Array [
                  Object {
                    "translateX": 0,
                  },
                  Object {
                    "translateY": 0,
                  },
                  Object {
                    "scale": 1,
                  },
                ],
                "writingDirection": "ltr",
              }
            }
          >
            home
          </Text>
          <Text
            maxFontSizeMultiplier={1.5}
            numberOfLines={1}
            style={
              Object {
                "color": "rgba(0, 0, 0, 0.54)",
                "fontFamily": "System",
                "fontSize": 16,
                "fontWeight": undefined,
                "left": 0,
                "opacity": 0,
                "paddingHorizontal": 14,
                "position": "absolute",
                "textAlign": "left",
                "top": 38,
                "transform": Array [
                  Object {
                    "translateX": 0,
                  },
                  Object {
                    "translateY": 0,
                  },
                  Object {
                    "scale": 1,
                  },
                ],
                "writingDirection": "ltr",
              }
            }
          >
            home
          </Text>
        </View>
        <TextInput
          allowFontScaling={true}
          editable={true}
          maxFontSizeMultiplier={1.5}
          maxLength={25}
          multiline={false}
          onBlur={[Function]}
          onChangeText={[Function]}
          onFocus={[Function]}
          placeholder=""
          placeholderTextColor="rgba(0, 0, 0, 0.54)"
          rejectResponderTermination={true}
          selectionColor="#6200ee"
          style={
            Array [
              Object {
                "flexGrow": 1,
                "margin": 0,
                "paddingHorizontal": 14,
                "zIndex": 1,
              },
              Object {
                "height": 60,
              },
              Object {
                "paddingBottom": 22,
                "paddingTop": 22,
              },
              Object {
                "color": "#000000",
                "fontFamily": "System",
                "fontSize": 16,
                "fontWeight": undefined,
                "textAlign": "left",
                "textAlignVertical": "center",
              },
              false,
              Array [
                Object {},
              ],
            ]
          }
          testID="MyInput"
          underlineColorAndroid="transparent"
          value=""
        />
      </View>
    </View>
  </View>
  <View
    accessibilityRole="button"
    accessibilityState={
      Object {
        "disabled": undefined,
      }
    }
    accessible={true}
    focusable={true}
    hitSlop={
      Object {
        "bottom": 6,
        "left": 6,
        "right": 6,
        "top": 6,
      }
    }
    onClick={[Function]}
    onResponderGrant={[Function]}
    onResponderMove={[Function]}
    onResponderRelease={[Function]}
    onResponderTerminate={[Function]}
    onResponderTerminationRequest={[Function]}
    onStartShouldSetResponder={[Function]}
    style={
      Array [
        Object {
          "overflow": "hidden",
        },
        Array [
          Object {
            "alignItems": "center",
            "justifyContent": "center",
            "margin": 6,
            "overflow": "hidden",
          },
          Object {
            "borderRadius": 26.25,
            "height": 52.5,
            "width": 52.5,
          },
          undefined,
          Object {
            "margin": 0,
            "marginTop": 20,
          },
        ],
      ]
    }
    testID="MyIconButton"
  >
    <View>
      <Text />
    </View>
  </View>
</View>
`;
